[DATA_POINT]
1="tcp_connect"
2="tcp_connection_count"
3="mic_recv"
4="HTTP_200"
5="tcp_shutdown"
6="RETRY_KEEP_ALIVE"
[END_TRANSACTION]
10="WebTours_Action_4"
11="1_transaction"
12="http://127.0.0.1:1080/cgi-bin/login.pl"
13="http://127.0.0.1:1080/WebTours/images/flights.gif"
14="http://127.0.0.1:1080/cgi-bin/nav.pl?page=menu&in=home"
15="http://127.0.0.1:1080/WebTours/images/itinerary.gif"
16="http://127.0.0.1:1080/cgi-bin/login.pl?intro=true"
17="http://127.0.0.1:1080/WebTours/images/in_home.gif"
18="http://127.0.0.1:1080/WebTours/images/signoff.gif"
19="login.pl_Action_35"
1="vuser_init_Transaction"
2="http://127.0.0.1:1080/WebTours/"
3="http://127.0.0.1:1080/WebTours/header.html"
4="http://127.0.0.1:1080/WebTours/images/hp_logo.png"
5="http://127.0.0.1:1080/WebTours/images/webtours.png"
6="http://127.0.0.1:1080/cgi-bin/welcome.pl?signOff=true"
20="Action_Transaction"
7="http://127.0.0.1:1080/WebTours/home.html"
21="http://127.0.0.1:1080/cgi-bin/welcome.pl?signOff=1"
8="http://127.0.0.1:1080/WebTours/images/mer_login.gif"
22="SignOff_Button_Action_57"
9="http://127.0.0.1:1080/cgi-bin/nav.pl?in=home"
23="vuser_end_Transaction"
